// Jest Snapshot v1, https://goo.gl/fbAQLP

exports[`Postal header snapshot PostalHeader renders correctly 1`] = `
<div
  className="container bgrContent borderRadius10 marginTop40px paddingBottom40px"
>
  <div
    className="col-xs-12"
  >
    <div
      className="container"
    >
      <div
        className="col-xs-12"
        style={null}
      >
        <h3>
          Manager wysyłek Ad9BIS
        </h3>
      </div>
    </div>
  </div>
  <div
    className="col-xs-12 marginTop20px textAlignCenter"
  >
    <div
      className="col-xs-12 col-md-2 pull-left"
    />
    <div
      className="col-xs-12 col-md-4 pull-left"
    >
      <h3>
        Bieżąca kwota:
      </h3>
    </div>
    <div
      className="col-xs-12 col-md-4 pull-left textAlignCenter"
    >
      <h3>
        80.6
        zł
      </h3>
    </div>
    <div
      className="col-xs-12 marginTop20px"
    />
    <div
      className="col-xs-12 col-md-2 pull-left"
    />
    <div
      className="col-xs-12 col-md-4 pull-left"
    >
      <input
        className="form-control btn btn-primary cursorPointer"
        disabled={false}
        onClick={[Function]}
        type="button"
        value="Dodaj kwotę"
      />
    </div>
    <div
      className="col-xs-12 col-md-4 pull-left"
    >
      <input
        className="form-control btn btn-primary cursorPointer"
        disabled={false}
        onClick={[Function]}
        type="button"
        value="Odejmij kwotę"
      />
    </div>
  </div>
</div>
`;
