// Jest Snapshot v1, https://goo.gl/fbAQLP

exports[`Postal details PostalDetails renders correctly 1`] = `
<div
  className="container bgrContent borderRadius10 marginTop40px paddingBottom40px"
>
  <div
    className="col-xs-12"
  >
    <div
      className="container"
    >
      <div
        className="col-xs-12"
        style={null}
      >
        <h3>
          Historia zmian (ostatnie 5 wpisów):
        </h3>
      </div>
    </div>
  </div>
  <div
    className="container"
  >
    <div
      className="col-xs-12"
    >
      <table
        className="table table-striped table-bordered"
      >
        <thead>
          <tr>
            <th
              className="col-xs-1 textAlignCenter"
            >
              LP.
            </th>
            <th
              className="col-xs-4 textAlignCenter"
            >
              Kwota
            </th>
            <th
              className="col-xs-6 textAlignCenter"
            >
              Data
            </th>
          </tr>
        </thead>
        <tbody>
          <tr
            className="textAlignCenter"
          >
            <td
              className="col-xs-1"
            >
              1
              .
            </td>
            <td
              className="col-xs-4"
            >
              80.6
              zł
            </td>
            <td
              className="col-xs-6"
            >
              2018-06-20 18:24:18
            </td>
          </tr>
          <tr
            className="textAlignCenter"
          >
            <td
              className="col-xs-1"
            >
              2
              .
            </td>
            <td
              className="col-xs-4"
            >
              71.55
              zł
            </td>
            <td
              className="col-xs-6"
            >
              2018-06-20 13:08:14
            </td>
          </tr>
          <tr
            className="textAlignCenter"
          >
            <td
              className="col-xs-1"
            >
              3
              .
            </td>
            <td
              className="col-xs-4"
            >
              102.5
              zł
            </td>
            <td
              className="col-xs-6"
            >
              2018-06-18 16:53:44
            </td>
          </tr>
        </tbody>
      </table>
    </div>
  </div>
</div>
`;
